mysql> alter table student add primary key(city);
ERROR 1068 (42000): Multiple primary key defined
mysql> desc student;
+--------+----------+------+-----+---------+-------+
| Field  | Type     | Null | Key | Default | Extra |
+--------+----------+------+-----+---------+-------+
| regno  | int(3)   | YES  |     | NULL    |       |
| name   | char(15) | YES  |     | NULL    |       |
| gender | char(1)  | YES  |     | NULL    |       |
| dob    | int(10)  | YES  |     | NULL    |       |
| mobno  | int(10)  | YES  |     | NULL    |       |
| city   | char(10) | NO   | PRI |         |       |
+--------+----------+------+-----+---------+-------+
6 rows in set (0.01 sec)

mysql> alter table course add primary key(courseno);
Query OK, 0 rows affected (0.01 sec)
Records: 0  Duplicates: 0  Warnings: 0

mysql> desc course;
+------------+----------+------+-----+---------+-------+
| Field      | Type     | Null | Key | Default | Extra |
+------------+----------+------+-----+---------+-------+
| courseno   | int(3)   | NO   | PRI | 0       |       |
| coursedesc | char(15) | YES  |     | NULL    |       |
| coursetype | char(1)  | YES  |     | NULL    |       |
| semno      | int(10)  | YES  |     | NULL    |       |
| hallno     | int(10)  | YES  |     | NULL    |       |
| facno      | int(10)  | YES  |     | NULL    |       |
+------------+----------+------+-----+---------+-------+
6 rows in set (0.03 sec)

mysql> alter department add primary key(deptno);
ERROR 1064 (42000): You have an error in your SQL syntax; check the manual that corresponds to your MySQL server version for the right syntax to use near 'department add primary key(deptno)' at line 1
mysql> alter table department add primary key(deptno);
ERROR 1068 (42000): Multiple primary key defined
mysql> desc department;
+----------+----------+------+-----+---------+-------+
| Field    | Type     | Null | Key | Default | Extra |
+----------+----------+------+-----+---------+-------+
| deptno   | int(10)  | NO   | PRI | 0       |       |
| deptname | char(10) | YES  |     | NULL    |       |
| depthead | char(10) | YES  |     | NULL    |       |
+----------+----------+------+-----+---------+-------+
3 rows in set (0.02 sec)

mysql> alter table faculty add primary key(facultyno);
ERROR 1072 (42000): Key column 'facultyno' doesn't exist in table
mysql>  alter table faculty add primary key(facno);
Query OK, 1 row affected (0.01 sec)
Records: 1  Duplicates: 0  Warnings: 0

mysql> desc faculty;
+----------+----------+------+-----+---------+-------+
| Field    | Type     | Null | Key | Default | Extra |
+----------+----------+------+-----+---------+-------+
| facno    | int(3)   | NO   | PRI | 0       |       |
| facname  | char(15) | YES  |     | NULL    |       |
| gender   | char(1)  | YES  |     | NULL    |       |
| Dob      | int(10)  | YES  |     | NULL    |       |
| mobileno | int(10)  | YES  |     | NULL    |       |
| Doj      | int(10)  | YES  |     | NULL    |       |
| dept     | char(10) | YES  |     | NULL    |       |
+----------+----------+------+-----+---------+-------+
7 rows in set (0.01 sec)
